Calculator loaded!


  Calculator Tests
Calculator loaded!

    ✔ Adds 1 and 2
    ✔ Add Allows one parameter
    ✔ Add Allows no parameters
    ✔ Add turns strings to zeros
    ✔ Subtracts 5 from 10
    ✔ Subtracts allows one parameter
    ✔ Muliply 5 x 2
    ✔ 6 divided by 3


  8 passing (3ms)

[mochawesome] Report JSON saved to /Users/durransalah/Documents/testing-mocha-chai/mochawesome-report/mochawesome.json

[mochawesome] Report HTML saved to /Users/durransalah/Documents/testing-mocha-chai/mochawesome-report/mochawesome.html

